###############################################################################
#
# IAR ELF Linker V7.50.2.10312/W32 for ARM                12/Sep/2020  20:41:06
# Copyright 2007-2015 IAR Systems AB.
#
#    Output file  =  
#        C:\Users\Vladimir\Desktop\Статья - ADV
#        связь\Stm32F103_Nrf24L01\EWARM\iar_esb\Exe\iar_esb.out
#    Map file     =  
#        C:\Users\Vladimir\Desktop\Статья - ADV
#        связь\Stm32F103_Nrf24L01\EWARM\iar_esb\List\iar_esb.map
#    Command line =  
#        "C:\Users\Vladimir\Desktop\Статья - ADV
#        связь\Stm32F103_Nrf24L01\EWARM\iar_esb\Obj\esb_my.o"
#        "C:\Users\Vladimir\Desktop\Статья - ADV
#        связь\Stm32F103_Nrf24L01\EWARM\iar_esb\Obj\main.o"
#        "C:\Users\Vladimir\Desktop\Статья - ADV
#        связь\Stm32F103_Nrf24L01\EWARM\iar_esb\Obj\nrf24l01_my.o"
#        "C:\Users\Vladimir\Desktop\Статья - ADV
#        связь\Stm32F103_Nrf24L01\EWARM\iar_esb\Obj\spi_soft_my.o"
#        "C:\Users\Vladimir\Desktop\Статья - ADV
#        связь\Stm32F103_Nrf24L01\EWARM\iar_esb\Obj\startup_stm32f103xb.o"
#        "C:\Users\Vladimir\Desktop\Статья - ADV
#        связь\Stm32F103_Nrf24L01\EWARM\iar_esb\Obj\stm32f1xx_hal.o"
#        "C:\Users\Vladimir\Desktop\Статья - ADV
#        связь\Stm32F103_Nrf24L01\EWARM\iar_esb\Obj\stm32f1xx_hal_cortex.o"
#        "C:\Users\Vladimir\Desktop\Статья - ADV
#        связь\Stm32F103_Nrf24L01\EWARM\iar_esb\Obj\stm32f1xx_hal_dma.o"
#        "C:\Users\Vladimir\Desktop\Статья - ADV
#        связь\Stm32F103_Nrf24L01\EWARM\iar_esb\Obj\stm32f1xx_hal_flash.o"
#        "C:\Users\Vladimir\Desktop\Статья - ADV
#        связь\Stm32F103_Nrf24L01\EWARM\iar_esb\Obj\stm32f1xx_hal_flash_ex.o"
#        "C:\Users\Vladimir\Desktop\Статья - ADV
#        связь\Stm32F103_Nrf24L01\EWARM\iar_esb\Obj\stm32f1xx_hal_gpio.o"
#        "C:\Users\Vladimir\Desktop\Статья - ADV
#        связь\Stm32F103_Nrf24L01\EWARM\iar_esb\Obj\stm32f1xx_hal_gpio_ex.o"
#        "C:\Users\Vladimir\Desktop\Статья - ADV
#        связь\Stm32F103_Nrf24L01\EWARM\iar_esb\Obj\stm32f1xx_hal_msp.o"
#        "C:\Users\Vladimir\Desktop\Статья - ADV
#        связь\Stm32F103_Nrf24L01\EWARM\iar_esb\Obj\stm32f1xx_hal_pcd.o"
#        "C:\Users\Vladimir\Desktop\Статья - ADV
#        связь\Stm32F103_Nrf24L01\EWARM\iar_esb\Obj\stm32f1xx_hal_pcd_ex.o"
#        "C:\Users\Vladimir\Desktop\Статья - ADV
#        связь\Stm32F103_Nrf24L01\EWARM\iar_esb\Obj\stm32f1xx_hal_pwr.o"
#        "C:\Users\Vladimir\Desktop\Статья - ADV
#        связь\Stm32F103_Nrf24L01\EWARM\iar_esb\Obj\stm32f1xx_hal_rcc.o"
#        "C:\Users\Vladimir\Desktop\Статья - ADV
#        связь\Stm32F103_Nrf24L01\EWARM\iar_esb\Obj\stm32f1xx_hal_rcc_ex.o"
#        "C:\Users\Vladimir\Desktop\Статья - ADV
#        связь\Stm32F103_Nrf24L01\EWARM\iar_esb\Obj\stm32f1xx_hal_rtc.o"
#        "C:\Users\Vladimir\Desktop\Статья - ADV
#        связь\Stm32F103_Nrf24L01\EWARM\iar_esb\Obj\stm32f1xx_hal_rtc_ex.o"
#        "C:\Users\Vladimir\Desktop\Статья - ADV
#        связь\Stm32F103_Nrf24L01\EWARM\iar_esb\Obj\stm32f1xx_hal_tim.o"
#        "C:\Users\Vladimir\Desktop\Статья - ADV
#        связь\Stm32F103_Nrf24L01\EWARM\iar_esb\Obj\stm32f1xx_hal_tim_ex.o"
#        "C:\Users\Vladimir\Desktop\Статья - ADV
#        связь\Stm32F103_Nrf24L01\EWARM\iar_esb\Obj\stm32f1xx_it.o"
#        "C:\Users\Vladimir\Desktop\Статья - ADV
#        связь\Stm32F103_Nrf24L01\EWARM\iar_esb\Obj\stm32f1xx_ll_usb.o"
#        "C:\Users\Vladimir\Desktop\Статья - ADV
#        связь\Stm32F103_Nrf24L01\EWARM\iar_esb\Obj\system_stm32f1xx.o"
#        "C:\Users\Vladimir\Desktop\Статья - ADV
#        связь\Stm32F103_Nrf24L01\EWARM\iar_esb\Obj\usb_device.o"
#        "C:\Users\Vladimir\Desktop\Статья - ADV
#        связь\Stm32F103_Nrf24L01\EWARM\iar_esb\Obj\usbd_cdc.o"
#        "C:\Users\Vladimir\Desktop\Статья - ADV
#        связь\Stm32F103_Nrf24L01\EWARM\iar_esb\Obj\usbd_cdc_if.o"
#        "C:\Users\Vladimir\Desktop\Статья - ADV
#        связь\Stm32F103_Nrf24L01\EWARM\iar_esb\Obj\usbd_conf.o"
#        "C:\Users\Vladimir\Desktop\Статья - ADV
#        связь\Stm32F103_Nrf24L01\EWARM\iar_esb\Obj\usbd_core.o"
#        "C:\Users\Vladimir\Desktop\Статья - ADV
#        связь\Stm32F103_Nrf24L01\EWARM\iar_esb\Obj\usbd_ctlreq.o"
#        "C:\Users\Vladimir\Desktop\Статья - ADV
#        связь\Stm32F103_Nrf24L01\EWARM\iar_esb\Obj\usbd_desc.o"
#        "C:\Users\Vladimir\Desktop\Статья - ADV
#        связь\Stm32F103_Nrf24L01\EWARM\iar_esb\Obj\usbd_ioreq.o" --redirect
#        _Printf=_PrintfFull --redirect _Scanf=_ScanfFull -o
#        "C:\Users\Vladimir\Desktop\Статья - ADV
#        связь\Stm32F103_Nrf24L01\EWARM\iar_esb\Exe\iar_esb.out" --map
#        "C:\Users\Vladimir\Desktop\Статья - ADV
#        связь\Stm32F103_Nrf24L01\EWARM\iar_esb\List\iar_esb.map" --config
#        "C:\Users\Vladimir\Desktop\Статья - ADV
#        связь\Stm32F103_Nrf24L01\EWARM/stm32f103xb_flash.icf" --semihosting
#        --entry __iar_program_start --vfe
#
###############################################################################

*******************************************************************************
*** RUNTIME MODEL ATTRIBUTES
***

CppFlavor       = *
__SystemLibrary = DLib


*******************************************************************************
*** PLACEMENT SUMMARY
***

"A1":  place at 0x08000000 { ro section .intvec };
"P1":  place in [from 0x08000000 to 0x0801ffff] { ro };
"P2":  place in [from 0x20000000 to 0x20004fff] { rw, block CSTACK, block HEAP };

  Section            Kind        Address    Size  Object
  -------            ----        -------    ----  ------
"A1":                                       0xec
  .intvec            ro code  0x08000000    0xec  startup_stm32f103xb.o [1]
                            - 0x080000ec    0xec

"P1":                                     0x4262
  .text              ro code  0x080000ec   0x9b6  stm32f1xx_ll_usb.o [1]
  .text              ro code  0x08000aa2   0x8c4  stm32f1xx_hal_pcd.o [1]
  .text              ro code  0x08001366    0x76  lz77_init_single.o [4]
  .text              ro code  0x080013dc   0x3cc  usbd_conf.o [1]
  .text              ro code  0x080017a8    0x56  ABImemcpy_unaligned.o [4]
  .rodata            const    0x080017fe     0x2  stm32f1xx_hal_rcc.o [1]
  .text              ro code  0x08001800   0x14c  stm32f1xx_hal_cortex.o [1]
  .text              ro code  0x0800194c   0x2dc  usbd_core.o [1]
  .text              ro code  0x08001c28   0x1d2  main.o [1]
  .text              ro code  0x08001dfa    0x42  stm32f1xx_hal_pcd_ex.o [1]
  .text              ro code  0x08001e3c    0x54  esb_my.o [1]
  .text              ro code  0x08001e90   0x5dc  usbd_ctlreq.o [1]
  .text              ro code  0x0800246c    0x94  usbd_ioreq.o [1]
  .text              ro code  0x08002500    0x8c  stm32f1xx_hal.o [1]
  .text              ro code  0x0800258c    0x34  usb_device.o [1]
  .text              ro code  0x080025c0   0x6bc  stm32f1xx_hal_rcc.o [1]
  .text              ro code  0x08002c7c   0x218  stm32f1xx_hal_rcc_ex.o [1]
  .text              ro code  0x08002e94   0x190  stm32f1xx_hal_rtc.o [1]
  .text              ro code  0x08003024   0x21c  stm32f1xx_hal_gpio.o [1]
  .text              ro code  0x08003240   0x64e  nrf24l01_my.o [1]
  .rodata            const    0x0800388e     0x2  stm32f1xx_hal_rcc_ex.o [1]
  .text              ro code  0x08003890    0xc8  stm32f1xx_hal_msp.o [1]
  .text              ro code  0x08003958   0x2c8  usbd_cdc.o [1]
  .text              ro code  0x08003c20   0x134  spi_soft_my.o [1]
  .text              ro code  0x08003d54   0x100  usbd_cdc_if.o [1]
  .text              ro code  0x08003e54     0xc  stm32f1xx_hal_pwr.o [1]
  .text              ro code  0x08003e60    0xc8  usbd_desc.o [1]
  .text              ro code  0x08003f28    0x68  system_stm32f1xx.o [1]
  .rodata            const    0x08003f90    0x50  usbd_conf.o [1]
  .rodata            const    0x08003fe0    0x4c  main.o [1]
  .text              ro code  0x0800402c    0x40  zero_init3.o [4]
  .text              ro code  0x0800406c    0x2c  stm32f1xx_it.o [1]
  .text              ro code  0x08004098    0x28  data_init.o [4]
  .iar.init_table    const    0x080040c0    0x20  - Linker created -
  .text              ro code  0x080040e0    0x1a  cmain.o [4]
  .text              ro code  0x080040fa     0x4  low_level_init.o [3]
  .text              ro code  0x080040fe     0x4  exit.o [3]
  .text              ro code  0x08004104     0xa  cexit.o [4]
  .text              ro code  0x08004110    0x14  exit.o [5]
  .rodata            const    0x08004124    0x18  usbd_desc.o [1]
  .rodata            const    0x0800413c    0x14  usbd_desc.o [1]
  .rodata            const    0x08004150    0x10  stm32f1xx_hal_rcc.o [1]
  .rodata            const    0x08004160    0x10  stm32f1xx_hal_rcc_ex.o [1]
  .rodata            const    0x08004170    0x10  system_stm32f1xx.o [1]
  .rodata            const    0x08004180    0x10  usbd_desc.o [1]
  .rodata            const    0x08004190    0x10  usbd_desc.o [1]
  .text              ro code  0x080041a0    0x10  startup_stm32f103xb.o [1]
  .rodata            const    0x080041b0     0xc  usbd_desc.o [1]
  .text              ro code  0x080041bc     0xc  cstartup_M.o [4]
  .rodata            const    0x080041c8     0x8  system_stm32f1xx.o [1]
  .rodata            const    0x080041d0     0x4  nrf24l01_my.o [1]
  .rodata            const    0x080041d4     0x4  nrf24l01_my.o [1]
  .text              ro code  0x080041d8     0x4  startup_stm32f103xb.o [1]
  .text              ro code  0x080041dc     0x4  startup_stm32f103xb.o [1]
  .text              ro code  0x080041e0     0x4  startup_stm32f103xb.o [1]
  .text              ro code  0x080041e4     0x4  startup_stm32f103xb.o [1]
  .text              ro code  0x080041e8     0x4  startup_stm32f103xb.o [1]
  .text              ro code  0x080041ec     0x4  startup_stm32f103xb.o [1]
  .text              ro code  0x080041f0     0x4  startup_stm32f103xb.o [1]
  .text              ro code  0x080041f4     0x4  startup_stm32f103xb.o [1]
  .text              ro code  0x080041f8     0x4  startup_stm32f103xb.o [1]
  .text              ro code  0x080041fc     0x4  startup_stm32f103xb.o [1]
  .text              ro code  0x08004200     0x4  startup_stm32f103xb.o [1]
  .text              ro code  0x08004204     0x4  startup_stm32f103xb.o [1]
  .text              ro code  0x08004208     0x4  startup_stm32f103xb.o [1]
  .text              ro code  0x0800420c     0x4  startup_stm32f103xb.o [1]
  .text              ro code  0x08004210     0x4  startup_stm32f103xb.o [1]
  .text              ro code  0x08004214     0x4  startup_stm32f103xb.o [1]
  .text              ro code  0x08004218     0x4  startup_stm32f103xb.o [1]
  .text              ro code  0x0800421c     0x4  startup_stm32f103xb.o [1]
  .text              ro code  0x08004220     0x4  startup_stm32f103xb.o [1]
  .text              ro code  0x08004224     0x4  startup_stm32f103xb.o [1]
  .text              ro code  0x08004228     0x4  startup_stm32f103xb.o [1]
  .text              ro code  0x0800422c     0x4  startup_stm32f103xb.o [1]
  .text              ro code  0x08004230     0x4  startup_stm32f103xb.o [1]
  .text              ro code  0x08004234     0x4  startup_stm32f103xb.o [1]
  .text              ro code  0x08004238     0x4  startup_stm32f103xb.o [1]
  .text              ro code  0x0800423c     0x4  startup_stm32f103xb.o [1]
  .text              ro code  0x08004240     0x4  startup_stm32f103xb.o [1]
  .text              ro code  0x08004244     0x4  startup_stm32f103xb.o [1]
  .text              ro code  0x08004248     0x4  startup_stm32f103xb.o [1]
  .text              ro code  0x0800424c     0x4  startup_stm32f103xb.o [1]
  .text              ro code  0x08004250     0x4  startup_stm32f103xb.o [1]
  .text              ro code  0x08004254     0x4  startup_stm32f103xb.o [1]
  .text              ro code  0x08004258     0x4  startup_stm32f103xb.o [1]
  .text              ro code  0x0800425c     0x4  startup_stm32f103xb.o [1]
  .text              ro code  0x08004260     0x4  startup_stm32f103xb.o [1]
  .text              ro code  0x08004264     0x4  startup_stm32f103xb.o [1]
  .text              ro code  0x08004268     0x4  startup_stm32f103xb.o [1]
  .text              ro code  0x0800426c     0x4  startup_stm32f103xb.o [1]
  .text              ro code  0x08004270     0x4  startup_stm32f103xb.o [1]
  .text              ro code  0x08004274     0x4  startup_stm32f103xb.o [1]
  .text              ro code  0x08004278     0x4  startup_stm32f103xb.o [1]
  .text              ro code  0x0800427c     0x4  startup_stm32f103xb.o [1]
  .rodata            const    0x08004280     0x0  zero_init3.o [4]
  .rodata            const    0x08004280     0x0  lz77_init_single.o [4]
  Initializer bytes  const    0x08004280    0xce  <for P2-1>
                            - 0x0800434e  0x4262

"P2", part 1 of 3:                         0x15d
  P2-1                        0x20000000   0x15d  <Init block>
    .data            inited   0x20000000     0x4  stm32f1xx_hal.o [1]
    .data            inited   0x20000004     0x4  system_stm32f1xx.o [1]
    .data            inited   0x20000008     0xc  usbd_cdc.o [1]
    .data            inited   0x20000014    0x38  usbd_cdc.o [1]
    .data            inited   0x2000004c    0x44  usbd_cdc.o [1]
    .data            inited   0x20000090    0x44  usbd_cdc.o [1]
    .data            inited   0x200000d4    0x44  usbd_cdc.o [1]
    .data            inited   0x20000118    0x10  usbd_cdc_if.o [1]
    .data            inited   0x20000128    0x1c  usbd_desc.o [1]
    .data            inited   0x20000144    0x14  usbd_desc.o [1]
    .data            inited   0x20000158     0x4  usbd_desc.o [1]
    .data            inited   0x2000015c     0x1  stm32f1xx_hal.o [1]
                            - 0x2000015d   0x15d

"P2", part 2 of 3:                         0x400
  CSTACK                      0x20000160   0x400  <Block>
    CSTACK           uninit   0x20000160   0x400  <Block tail>
                            - 0x20000560   0x400

"P2", part 3 of 3:                        0x1b38
  .bss               zero     0x20000560   0x800  usbd_cdc_if.o [1]
  .bss               zero     0x20000d60   0x800  usbd_cdc_if.o [1]
  .bss               zero     0x20001560   0x460  usbd_conf.o [1]
  .bss               zero     0x200019c0   0x224  usb_device.o [1]
  .bss               zero     0x20001be4   0x220  usbd_conf.o [1]
  .bss               zero     0x20001e04   0x200  usbd_desc.o [1]
  .bss               zero     0x20002004    0x30  spi_soft_my.o [1]
  .bss               zero     0x20002034    0x20  esb_my.o [1]
  .bss               zero     0x20002054    0x20  nrf24l01_my.o [1]
  .bss               zero     0x20002074    0x14  main.o [1]
  .bss               zero     0x20002088     0x4  stm32f1xx_hal.o [1]
  .bss               zero     0x2000208c     0x2  esb_my.o [1]
  .bss               zero     0x2000208e     0x1  esb_my.o [1]
  .bss               zero     0x2000208f     0x1  esb_my.o [1]
  .bss               zero     0x20002090     0x1  esb_my.o [1]
  .bss               zero     0x20002091     0x1  nrf24l01_my.o [1]
  .bss               zero     0x20002092     0x1  nrf24l01_my.o [1]
  .bss               zero     0x20002093     0x1  nrf24l01_my.o [1]
  .bss               zero     0x20002094     0x1  nrf24l01_my.o [1]
  .bss               zero     0x20002095     0x1  usbd_cdc.o [1]
  .bss               zero     0x20002096     0x1  usbd_ctlreq.o [1]
                            - 0x20002097  0x1b37


*******************************************************************************
*** INIT TABLE
***

          Address     Size
          -------     ----
Zero (__iar_zero_init3)
    1 destination range, total size 0x1b37:
          0x20000560  0x1b37

Copy/lz77 (__iar_lz77_init_single3)
    1 source range, total size 0xce (59% of destination):
          0x08004280    0xce
    1 destination range, total size 0x15d:
          0x20000000   0x15d



*******************************************************************************
*** MODULE SUMMARY
***

    Module                  ro code  ro data  rw data
    ------                  -------  -------  -------
C:\Users\Vladimir\Desktop\Статья - ADV связь\Stm32F103_Nrf24L01\EWARM\iar_esb\Obj: [1]
    esb_my.o                     84                37
    main.o                      466       76       20
    nrf24l01_my.o             1 614        8       36
    spi_soft_my.o               308                48
    startup_stm32f103xb.o       420
    stm32f1xx_hal.o             140        3        9
    stm32f1xx_hal_cortex.o      332
    stm32f1xx_hal_gpio.o        540
    stm32f1xx_hal_msp.o         200
    stm32f1xx_hal_pcd.o       2 244
    stm32f1xx_hal_pcd_ex.o       66
    stm32f1xx_hal_pwr.o          12
    stm32f1xx_hal_rcc.o       1 724       18
    stm32f1xx_hal_rcc_ex.o      536       18
    stm32f1xx_hal_rtc.o         400
    stm32f1xx_it.o               44
    stm32f1xx_ll_usb.o        2 486
    system_stm32f1xx.o          104       26        4
    usb_device.o                 52               548
    usbd_cdc.o                  712      161      273
    usbd_cdc_if.o               256        9    4 112
    usbd_conf.o                 972       80    1 664
    usbd_core.o                 732
    usbd_ctlreq.o             1 500                 1
    usbd_desc.o                 200      119      564
    usbd_ioreq.o                148
    -------------------------------------------------
    Total:                   16 292      518    7 316

command line: [2]
    -------------------------------------------------
    Total:

dl7M_tlf.a: [3]
    exit.o                        4
    low_level_init.o              4
    -------------------------------------------------
    Total:                        8

rt7M_tl.a: [4]
    ABImemcpy_unaligned.o        86
    cexit.o                      10
    cmain.o                      26
    cstartup_M.o                 12
    data_init.o                  40
    lz77_init_single.o          118
    zero_init3.o                 64
    -------------------------------------------------
    Total:                      356

shb_l.a: [5]
    exit.o                       20
    -------------------------------------------------
    Total:                       20

    Gaps                          4
    Linker created                        32    1 024
-----------------------------------------------------
    Grand Total:             16 680      550    8 340


*******************************************************************************
*** ENTRY LIST
***

Entry                      Address   Size  Type      Object
-----                      -------   ----  ----      ------
.iar.init_table$$Base   0x080040c0          --   Gb  - Linker created -
.iar.init_table$$Limit  0x080040e0          --   Gb  - Linker created -
?main                   0x080040e1         Code  Gb  cmain.o [4]
AHBPrescTable           0x08004170   0x10  Data  Gb  system_stm32f1xx.o [1]
APBPrescTable           0x080041c8    0x8  Data  Gb  system_stm32f1xx.o [1]
BusFault_Handler        0x08004073    0x2  Code  Gb  stm32f1xx_it.o [1]
CDC_Control_FS          0x08003d71   0x3e  Code  Lc  usbd_cdc_if.o [1]
CDC_DeInit_FS           0x08003d6d    0x4  Code  Lc  usbd_cdc_if.o [1]
CDC_Init_FS             0x08003d55   0x18  Code  Lc  usbd_cdc_if.o [1]
CDC_Receive_FS          0x08003daf   0x5e  Code  Lc  usbd_cdc_if.o [1]
CDC_Transmit_FS         0x08003e0d   0x2e  Code  Gb  usbd_cdc_if.o [1]
CSTACK$$Base            0x20000160          --   Gb  - Linker created -
CSTACK$$Limit           0x20000560          --   Gb  - Linker created -
Cycle_Esb               0x08001e61   0x28  Code  Gb  esb_my.o [1]
DataTx_Init             0x08003301  0x20c  Code  Gb  nrf24l01_my.o [1]
DebugMon_Handler        0x08004079    0x2  Code  Gb  stm32f1xx_it.o [1]
DelayMy                 0x08003675    0xa  Code  Gb  nrf24l01_my.o [1]
EncodePacket            0x0800350d   0x16  Code  Gb  nrf24l01_my.o [1]
FS_Desc                 0x20000128   0x1c  Data  Gb  usbd_desc.o [1]
HAL_GPIO_Init           0x08003025  0x1b6  Code  Gb  stm32f1xx_hal_gpio.o [1]
HAL_GPIO_ReadPin        0x080031db   0x12  Code  Gb  stm32f1xx_hal_gpio.o [1]
HAL_GPIO_WritePin       0x080031ed   0x14  Code  Gb  stm32f1xx_hal_gpio.o [1]
HAL_GetTick             0x08002573    0x6  Code  Wk  stm32f1xx_hal.o [1]
HAL_IncTick             0x08002563   0x10  Code  Wk  stm32f1xx_hal.o [1]
HAL_Init                0x08002501   0x22  Code  Gb  stm32f1xx_hal.o [1]
HAL_InitTick            0x08002523   0x40  Code  Wk  stm32f1xx_hal.o [1]
HAL_MspInit             0x08003891   0x86  Code  Gb  stm32f1xx_hal_msp.o [1]
HAL_NVIC_EnableIRQ      0x080018f3    0xa  Code  Gb  stm32f1xx_hal_cortex.o [1]
HAL_NVIC_SetPriority    0x080018d1   0x22  Code  Gb  stm32f1xx_hal_cortex.o [1]
HAL_NVIC_SetPriorityGrouping
                        0x080018c9    0x8  Code  Gb  stm32f1xx_hal_cortex.o [1]
HAL_PCDEx_PMAConfig     0x08001dfb   0x42  Code  Gb  stm32f1xx_hal_pcd_ex.o [1]
HAL_PCDEx_SetConnectionState
                        0x080017a7    0x2  Code  Gb  usbd_conf.o [1]
HAL_PCD_DataInStageCallback
                        0x08001441   0x16  Code  Gb  usbd_conf.o [1]
HAL_PCD_DataOutStageCallback
                        0x08001429   0x18  Code  Gb  usbd_conf.o [1]
HAL_PCD_EP_Close        0x08000db3   0x58  Code  Gb  stm32f1xx_hal_pcd.o [1]
HAL_PCD_EP_ClrStall     0x08000f05   0x58  Code  Gb  stm32f1xx_hal_pcd.o [1]
HAL_PCD_EP_GetRxCount   0x08000e4b   0x12  Code  Gb  stm32f1xx_hal_pcd.o [1]
HAL_PCD_EP_Open         0x08000d51   0x62  Code  Gb  stm32f1xx_hal_pcd.o [1]
HAL_PCD_EP_Receive      0x08000e0b   0x40  Code  Gb  stm32f1xx_hal_pcd.o [1]
HAL_PCD_EP_SetStall     0x08000e9b   0x6a  Code  Gb  stm32f1xx_hal_pcd.o [1]
HAL_PCD_EP_Transmit     0x08000e5d   0x3e  Code  Gb  stm32f1xx_hal_pcd.o [1]
HAL_PCD_IRQHandler      0x08000bdd  0x148  Code  Gb  stm32f1xx_hal_pcd.o [1]
HAL_PCD_Init            0x08000aa3  0x106  Code  Gb  stm32f1xx_hal_pcd.o [1]
HAL_PCD_MspInit         0x080013dd   0x3c  Code  Gb  usbd_conf.o [1]
HAL_PCD_ResetCallback   0x08001463   0x26  Code  Gb  usbd_conf.o [1]
HAL_PCD_ResumeCallback  0x080014ad    0xc  Code  Gb  usbd_conf.o [1]
HAL_PCD_SOFCallback     0x08001457    0xc  Code  Gb  usbd_conf.o [1]
HAL_PCD_SetAddress      0x08000d25   0x2c  Code  Gb  stm32f1xx_hal_pcd.o [1]
HAL_PCD_SetupStageCallback
                        0x08001419   0x10  Code  Gb  usbd_conf.o [1]
HAL_PCD_Start           0x08000ba9   0x34  Code  Gb  stm32f1xx_hal_pcd.o [1]
HAL_PCD_SuspendCallback
                        0x08001489   0x24  Code  Gb  usbd_conf.o [1]
HAL_PWR_EnableBkUpAccess
                        0x08003e55    0x8  Code  Gb  stm32f1xx_hal_pwr.o [1]
HAL_RCCEx_GetPeriphCLKFreq
                        0x08002d85   0xe2  Code  Gb  stm32f1xx_hal_rcc_ex.o [1]
HAL_RCCEx_PeriphCLKConfig
                        0x08002c7d  0x108  Code  Gb  stm32f1xx_hal_rcc_ex.o [1]
HAL_RCC_ClockConfig     0x08002a13  0x180  Code  Gb  stm32f1xx_hal_rcc.o [1]
HAL_RCC_GetHCLKFreq     0x08002bf9    0x6  Code  Gb  stm32f1xx_hal_rcc.o [1]
HAL_RCC_GetPCLK2Freq    0x08002bff   0x16  Code  Gb  stm32f1xx_hal_rcc.o [1]
HAL_RCC_GetSysClockFreq
                        0x08002b93   0x66  Code  Gb  stm32f1xx_hal_rcc.o [1]
HAL_RCC_OscConfig       0x080025c1  0x452  Code  Gb  stm32f1xx_hal_rcc.o [1]
HAL_RTC_Init            0x08002e95   0xe2  Code  Gb  stm32f1xx_hal_rtc.o [1]
HAL_RTC_MspInit         0x08003917   0x2e  Code  Gb  stm32f1xx_hal_msp.o [1]
HAL_RTC_WaitForSynchro  0x08002f81   0x3c  Code  Gb  stm32f1xx_hal_rtc.o [1]
HAL_SYSTICK_CLKSourceConfig
                        0x08001905   0x20  Code  Gb  stm32f1xx_hal_cortex.o [1]
HAL_SYSTICK_Callback    0x08001e3d   0x24  Code  Gb  esb_my.o [1]
HAL_SYSTICK_Config      0x080018fd    0x8  Code  Gb  stm32f1xx_hal_cortex.o [1]
HAL_SYSTICK_IRQHandler  0x08001945    0x8  Code  Gb  stm32f1xx_hal_cortex.o [1]
HardFault_Handler       0x0800406f    0x2  Code  Gb  stm32f1xx_it.o [1]
L                       0x20002092    0x1  Data  Gb  nrf24l01_my.o [1]
MX_GPIO_Init            0x08001d1f   0xc0  Code  Lc  main.o [1]
MX_RTC_Init             0x08001cf3   0x2c  Code  Lc  main.o [1]
MX_USB_DEVICE_Init      0x0800258d   0x34  Code  Gb  usb_device.o [1]
MemManage_Handler       0x08004071    0x2  Code  Gb  stm32f1xx_it.o [1]
NMI_Handler             0x0800406d    0x2  Code  Gb  stm32f1xx_it.o [1]
NVIC_EnableIRQ          0x08001827   0x14  Code  Lc  stm32f1xx_hal_cortex.o [1]
NVIC_EncodePriority     0x0800185d   0x3e  Code  Lc  stm32f1xx_hal_cortex.o [1]
NVIC_GetPriorityGrouping
                        0x0800181d    0xa  Code  Lc  stm32f1xx_hal_cortex.o [1]
NVIC_SetPriority        0x0800183b   0x22  Code  Lc  stm32f1xx_hal_cortex.o [1]
NVIC_SetPriorityGrouping
                        0x08001801   0x1c  Code  Lc  stm32f1xx_hal_cortex.o [1]
Nrf24_RxData            0x080035a7   0x60  Code  Gb  nrf24l01_my.o [1]
Nrf24_TxData            0x08003523   0x84  Code  Gb  nrf24l01_my.o [1]
PCD_EP_ISR_Handler      0x08000f5d  0x40a  Code  Lc  stm32f1xx_hal_pcd.o [1]
PendSV_Handler          0x0800407b    0x2  Code  Gb  stm32f1xx_it.o [1]
ProcessingData          0x08003607   0x3c  Code  Gb  nrf24l01_my.o [1]
RCC_Delay               0x08002c15   0x24  Code  Lc  stm32f1xx_hal_rcc.o [1]
RTC_EnterInitMode       0x08002fbd   0x34  Code  Lc  stm32f1xx_hal_rtc.o [1]
RTC_ExitInitMode        0x08002ff1   0x34  Code  Lc  stm32f1xx_hal_rtc.o [1]
RePacketEncode          0x080037f3   0x66  Code  Gb  nrf24l01_my.o [1]
Region$$Table$$Base     0x080040c0          --   Gb  - Linker created -
Region$$Table$$Limit    0x080040e0          --   Gb  - Linker created -
SPI_Delay               0x08003d25   0x10  Code  Gb  spi_soft_my.o [1]
SPI_ReadBuffer          0x08003c9d   0x4c  Code  Gb  spi_soft_my.o [1]
SPI_Select              0x08003d35    0xa  Code  Gb  spi_soft_my.o [1]
SPI_TxRxByte            0x08003c21   0x7c  Code  Gb  spi_soft_my.o [1]
SPI_Unselect            0x08003d3f    0xa  Code  Gb  spi_soft_my.o [1]
SPI_WriteByte           0x08003ce9   0x3c  Code  Gb  spi_soft_my.o [1]
SVC_Handler             0x08004077    0x2  Code  Gb  stm32f1xx_it.o [1]
SysTick_Config          0x0800189b   0x2e  Code  Lc  stm32f1xx_hal_cortex.o [1]
SysTick_Handler         0x0800407d    0xc  Code  Gb  stm32f1xx_it.o [1]
SystemClock_Config      0x08001c45   0xae  Code  Gb  main.o [1]
SystemCoreClock         0x20000004    0x4  Data  Gb  system_stm32f1xx.o [1]
SystemInit              0x08003f29   0x4e  Code  Gb  system_stm32f1xx.o [1]
USBD_CDC                0x20000014   0x38  Data  Gb  usbd_cdc.o [1]
USBD_CDC_CfgFSDesc      0x20000090   0x44  Data  Gb  usbd_cdc.o [1]
USBD_CDC_CfgHSDesc      0x2000004c   0x44  Data  Gb  usbd_cdc.o [1]
USBD_CDC_DataIn         0x08003ac9   0x1a  Code  Lc  usbd_cdc.o [1]
USBD_CDC_DataOut        0x08003ae3   0x34  Code  Lc  usbd_cdc.o [1]
USBD_CDC_DeInit         0x08003a03   0x42  Code  Lc  usbd_cdc.o [1]
USBD_CDC_DeviceQualifierDesc
                        0x20000008    0xc  Data  Lc  usbd_cdc.o [1]
USBD_CDC_EP0_RxReady    0x08003b17   0x36  Code  Lc  usbd_cdc.o [1]
USBD_CDC_GetDeviceQualifierDescriptor
                        0x08003b65    0x8  Code  Gb  usbd_cdc.o [1]
USBD_CDC_GetFSCfgDesc   0x08003b4d    0x8  Code  Lc  usbd_cdc.o [1]
USBD_CDC_GetHSCfgDesc   0x08003b55    0x8  Code  Lc  usbd_cdc.o [1]
USBD_CDC_GetOtherSpeedCfgDesc
                        0x08003b5d    0x8  Code  Lc  usbd_cdc.o [1]
USBD_CDC_Init           0x08003959   0xaa  Code  Lc  usbd_cdc.o [1]
USBD_CDC_OtherSpeedCfgDesc
                        0x200000d4   0x44  Data  Gb  usbd_cdc.o [1]
USBD_CDC_ReceivePacket  0x08003be9   0x38  Code  Gb  usbd_cdc.o [1]
USBD_CDC_RegisterInterface
                        0x08003b81   0x12  Code  Gb  usbd_cdc.o [1]
USBD_CDC_SetRxBuffer    0x08003ba5    0xc  Code  Gb  usbd_cdc.o [1]
USBD_CDC_SetTxBuffer    0x08003b93   0x12  Code  Gb  usbd_cdc.o [1]
USBD_CDC_Setup          0x08003a45   0x84  Code  Lc  usbd_cdc.o [1]
USBD_CDC_TransmitPacket
                        0x08003bb1   0x38  Code  Gb  usbd_cdc.o [1]
USBD_ClrClassConfig     0x080019c3   0x10  Code  Gb  usbd_core.o [1]
USBD_ClrFeature         0x080023a1   0x34  Code  Lc  usbd_ctlreq.o [1]
USBD_CtlContinueRx      0x080024c3   0x12  Code  Gb  usbd_ioreq.o [1]
USBD_CtlContinueSendData
                        0x0800248d   0x12  Code  Gb  usbd_ioreq.o [1]
USBD_CtlError           0x080023fd   0x16  Code  Gb  usbd_ctlreq.o [1]
USBD_CtlPrepareRx       0x0800249f   0x24  Code  Gb  usbd_ioreq.o [1]
USBD_CtlReceiveStatus   0x080024eb   0x16  Code  Gb  usbd_ioreq.o [1]
USBD_CtlSendData        0x0800246d   0x20  Code  Gb  usbd_ioreq.o [1]
USBD_CtlSendStatus      0x080024d5   0x16  Code  Gb  usbd_ioreq.o [1]
USBD_FS_ConfigStrDescriptor
                        0x08003ec5   0x22  Code  Gb  usbd_desc.o [1]
USBD_FS_DeviceDesc      0x20000144   0x14  Data  Gb  usbd_desc.o [1]
USBD_FS_DeviceDescriptor
                        0x08003e61    0x8  Code  Gb  usbd_desc.o [1]
USBD_FS_InterfaceStrDescriptor
                        0x08003ee7   0x22  Code  Gb  usbd_desc.o [1]
USBD_FS_LangIDStrDescriptor
                        0x08003e69    0x8  Code  Gb  usbd_desc.o [1]
USBD_FS_ManufacturerStrDescriptor
                        0x08003e93   0x10  Code  Gb  usbd_desc.o [1]
USBD_FS_ProductStrDescriptor
                        0x08003e71   0x22  Code  Gb  usbd_desc.o [1]
USBD_FS_SerialStrDescriptor
                        0x08003ea3   0x22  Code  Gb  usbd_desc.o [1]
USBD_GetConfig          0x08002311   0x3c  Code  Lc  usbd_ctlreq.o [1]
USBD_GetDescriptor      0x0800208f  0x14c  Code  Lc  usbd_ctlreq.o [1]
USBD_GetLen             0x08002459   0x14  Code  Lc  usbd_ctlreq.o [1]
USBD_GetStatus          0x0800234d   0x32  Code  Lc  usbd_ctlreq.o [1]
USBD_GetString          0x08002413   0x46  Code  Gb  usbd_ctlreq.o [1]
USBD_Init               0x0800194d   0x30  Code  Gb  usbd_core.o [1]
USBD_Interface_fops_FS  0x20000118   0x10  Data  Gb  usbd_cdc_if.o [1]
USBD_LL_ClearStallEP    0x0800165f   0x3a  Code  Gb  usbd_conf.o [1]
USBD_LL_CloseEP         0x080015eb   0x3a  Code  Gb  usbd_conf.o [1]
USBD_LL_DataInStage     0x08001ac3   0xdc  Code  Gb  usbd_core.o [1]
USBD_LL_DataOutStage    0x08001a39   0x8a  Code  Gb  usbd_core.o [1]
USBD_LL_GetRxDataSize   0x08001779    0xe  Code  Gb  usbd_conf.o [1]
USBD_LL_Init            0x080014b9   0xb4  Code  Gb  usbd_conf.o [1]
USBD_LL_IsStallEP       0x08001699   0x2a  Code  Gb  usbd_conf.o [1]
USBD_LL_OpenEP          0x080015a5   0x46  Code  Gb  usbd_conf.o [1]
USBD_LL_PrepareReceive  0x0800173b   0x3e  Code  Gb  usbd_conf.o [1]
USBD_LL_Reset           0x08001b9f   0x46  Code  Gb  usbd_core.o [1]
USBD_LL_Resume          0x08001bfd    0xc  Code  Gb  usbd_core.o [1]
USBD_LL_SOF             0x08001c09   0x20  Code  Gb  usbd_core.o [1]
USBD_LL_SetSpeed        0x08001be5    0x6  Code  Gb  usbd_core.o [1]
USBD_LL_SetUSBAddress   0x080016c3   0x3a  Code  Gb  usbd_conf.o [1]
USBD_LL_SetupStage      0x080019d3   0x66  Code  Gb  usbd_core.o [1]
USBD_LL_StallEP         0x08001625   0x3a  Code  Gb  usbd_conf.o [1]
USBD_LL_Start           0x0800156d   0x38  Code  Gb  usbd_conf.o [1]
USBD_LL_Suspend         0x08001beb   0x12  Code  Gb  usbd_core.o [1]
USBD_LL_Transmit        0x080016fd   0x3e  Code  Gb  usbd_conf.o [1]
USBD_LangIDDesc         0x20000158    0x4  Data  Gb  usbd_desc.o [1]
USBD_ParseSetupRequest  0x080023d5   0x28  Code  Gb  usbd_ctlreq.o [1]
USBD_RegisterClass      0x0800197d   0x16  Code  Gb  usbd_core.o [1]
USBD_RunTestMode        0x0800199d    0x4  Code  Gb  usbd_core.o [1]
USBD_SetAddress         0x080021db   0x58  Code  Lc  usbd_ctlreq.o [1]
USBD_SetClassConfig     0x080019a1   0x22  Code  Gb  usbd_core.o [1]
USBD_SetConfig          0x08002233   0xda  Code  Lc  usbd_ctlreq.o [1]
USBD_SetFeature         0x0800237f   0x22  Code  Lc  usbd_ctlreq.o [1]
USBD_Start              0x08001993    0xa  Code  Gb  usbd_core.o [1]
USBD_StdDevReq          0x08001e91   0x58  Code  Gb  usbd_ctlreq.o [1]
USBD_StdEPReq           0x08001f35  0x15a  Code  Gb  usbd_ctlreq.o [1]
USBD_StdItfReq          0x08001ee9   0x4c  Code  Gb  usbd_ctlreq.o [1]
USBD_StrDesc            0x20001e04  0x200  Data  Gb  usbd_desc.o [1]
USBD_static_free        0x080017a5    0x2  Code  Gb  usbd_conf.o [1]
USBD_static_malloc      0x08001787    0x4  Code  Gb  usbd_conf.o [1]
USB_ActivateEndpoint    0x08000149  0x340  Code  Gb  stm32f1xx_ll_usb.o [1]
USB_CoreInit            0x080000ed    0x8  Code  Gb  stm32f1xx_ll_usb.o [1]
USB_DeactivateEndpoint  0x08000489  0x1c4  Code  Gb  stm32f1xx_ll_usb.o [1]
USB_DevConnect          0x08000a25    0x4  Code  Gb  stm32f1xx_ll_usb.o [1]
USB_DevDisconnect       0x08000a29    0x4  Code  Gb  stm32f1xx_ll_usb.o [1]
USB_DevInit             0x08000123   0x26  Code  Gb  stm32f1xx_ll_usb.o [1]
USB_DisableGlobalInt    0x08000109   0x16  Code  Gb  stm32f1xx_ll_usb.o [1]
USB_EP0_OutStart        0x08000a37    0x4  Code  Gb  stm32f1xx_ll_usb.o [1]
USB_EPClearStall        0x0800097d   0x98  Code  Gb  stm32f1xx_ll_usb.o [1]
USB_EPSetStall          0x0800090b   0x72  Code  Gb  stm32f1xx_ll_usb.o [1]
USB_EPStartXfer         0x0800064d  0x2be  Code  Gb  stm32f1xx_ll_usb.o [1]
USB_EnableGlobalInt     0x080000f5   0x14  Code  Gb  stm32f1xx_ll_usb.o [1]
USB_LP_CAN1_RX0_IRQHandler
                        0x08004089    0xa  Code  Gb  stm32f1xx_it.o [1]
USB_ReadInterrupts      0x08000a2d    0xa  Code  Gb  stm32f1xx_ll_usb.o [1]
USB_ReadPMA             0x08000a75   0x2e  Code  Gb  stm32f1xx_ll_usb.o [1]
USB_SetCurrentMode      0x0800011f    0x4  Code  Gb  stm32f1xx_ll_usb.o [1]
USB_SetDevAddress       0x08000a15   0x10  Code  Gb  stm32f1xx_ll_usb.o [1]
USB_WritePMA            0x08000a3b   0x3a  Code  Gb  stm32f1xx_ll_usb.o [1]
UsageFault_Handler      0x08004075    0x2  Code  Gb  stm32f1xx_it.o [1]
UserRxBufferFS          0x20000560  0x800  Data  Gb  usbd_cdc_if.o [1]
UserTxBufferFS          0x20000d60  0x800  Data  Gb  usbd_cdc_if.o [1]
_Error_Handler          0x08001df9    0x2  Code  Gb  main.o [1]
__cmain                 0x080040e1         Code  Gb  cmain.o [4]
__exit                  0x08004111   0x14  Code  Gb  exit.o [5]
__iar_data_init3        0x08004099   0x28  Code  Gb  data_init.o [4]
__iar_lz77_init_single3
                        0x08001367   0x76  Code  Gb  lz77_init_single.o [4]
__iar_program_start     0x080041bd         Code  Gb  cstartup_M.o [4]
__iar_unaligned___aeabi_memcpy4
                        0x080017a9         Code  Gb  ABImemcpy_unaligned.o [4]
__iar_unaligned___aeabi_memcpy8
                        0x080017a9         Code  Gb  ABImemcpy_unaligned.o [4]
__iar_zero_init3        0x0800402d   0x40  Code  Gb  zero_init3.o [4]
__low_level_init        0x080040fb    0x4  Code  Gb  low_level_init.o [3]
__vector_table          0x08000000         Data  Gb  startup_stm32f103xb.o [1]
_call_main              0x080040ed         Code  Gb  cmain.o [4]
_exit                   0x08004105         Code  Gb  cexit.o [4]
_main                   0x080040f7         Code  Gb  cmain.o [4]
btLeCrc                 0x0800367f   0x74  Code  Gb  nrf24l01_my.o [1]
btLePacketEncode        0x0800377b   0x78  Code  Gb  nrf24l01_my.o [1]
btLeWhiten              0x0800373b   0x30  Code  Gb  nrf24l01_my.o [1]
btLeWhitenStart         0x0800376b   0x10  Code  Lc  nrf24l01_my.o [1]
buf                     0x20002054   0x20  Data  Gb  nrf24l01_my.o [1]
ch                      0x20002094    0x1  Data  Gb  nrf24l01_my.o [1]
chLe                    0x080041d4    0x4  Data  Gb  nrf24l01_my.o [1]
chRf                    0x080041d0    0x4  Data  Gb  nrf24l01_my.o [1]
count_rx                0x20002090    0x1  Data  Gb  esb_my.o [1]
esb_mode                0x2000208e    0x1  Data  Gb  esb_my.o [1]
exit                    0x080040ff    0x4  Code  Gb  exit.o [3]
hUsbDeviceFS            0x200019c0  0x224  Data  Gb  usb_device.o [1]
hpcd_USB_FS             0x20001560  0x460  Data  Gb  usbd_conf.o [1]
hrtc                    0x20002074   0x14  Data  Gb  main.o [1]
i                       0x20002093    0x1  Data  Gb  nrf24l01_my.o [1]
main                    0x08001c29   0x1c  Code  Gb  main.o [1]
nrf24L01_Init           0x08003241   0xc0  Code  Gb  nrf24l01_my.o [1]
nrf_manybytes           0x0800386f   0x20  Code  Gb  nrf24l01_my.o [1]
nrf_simplebyte          0x08003859   0x16  Code  Gb  nrf24l01_my.o [1]
rx_ok                   0x2000208f    0x1  Data  Gb  esb_my.o [1]
rx_usb_buff             0x20002034   0x20  Data  Gb  esb_my.o [1]
spi_rx                  0x20002004   0x30  Data  Gb  spi_soft_my.o [1]
swapbits                0x080036f3   0x48  Code  Gb  nrf24l01_my.o [1]
temp                    0x20002091    0x1  Data  Gb  nrf24l01_my.o [1]
time                    0x2000208c    0x2  Data  Gb  esb_my.o [1]
uwTick                  0x20002088    0x4  Data  Gb  stm32f1xx_hal.o [1]
uwTickFreq              0x2000015c    0x1  Data  Gb  stm32f1xx_hal.o [1]
uwTickPrio              0x20000000    0x4  Data  Gb  stm32f1xx_hal.o [1]


[1] = C:\Users\Vladimir\Desktop\Статья - ADV связь\Stm32F103_Nrf24L01\EWARM\iar_esb\Obj
[2] = command line
[3] = dl7M_tlf.a
[4] = rt7M_tl.a
[5] = shb_l.a

  16 680 bytes of readonly  code memory
     550 bytes of readonly  data memory
   8 340 bytes of readwrite data memory

Errors: none
Warnings: none
